mike@piratehaven.org
jon@jon.demon.co.uk
10.1.2.3@192.168.1.1
staff@americas.example.com
jamie@canonical.com
martin.pitt@ubuntu.com
intrigeri@boum.org
jamie@canonical.com
license@farsiweb.info
root@mydomain.tld
x@channels.undernet.org
john@doe.com
john@doe.com
me@example.com
accv@accv.es0
ec_acc@catcert.net0
pki@sk.ee0
pki@sk.ee0
info@izenpe.com
jmknoble@mercury.interpath.net
alvar@meiko.co.uk
clameter@debian.org
manolis@archlinux.org
e2scrub@host.domain.name
benny@xfce.org
accv@accv.es0
ec_acc@catcert.net0
pki@sk.ee0
pki@sk.ee0
info@izenpe.com
64@openssh.com
dhowells@redhat.com
username@site.domain
example@yourprovider.com
example@yourprovider.com
john@doe.com
gginiu@gmail.com
me@allanmcrae.com
allan@archlinux.org
alucryd@archlinux.org
alucryd@gmail.com
alucryd@alucryd.xyz
ambrevar@gmail.com
pe.neidhardt@gmail.com
pe.neidhardt@googlemail.com
mail@ambrevar.xyz
pierre@atlas.engineer
anatol.pomozov@gmail.com
me@andreascarpino.it
Koccasion@niels.dest
bash.lnx@gmail.com
ilpianista@fsfe.org
Koccasion@niels.dest
andrea@archlinux.org
scarpino@kde.org
Koccasion@niels.dest
andrea@archlinux.org
Koccasion@niels.dest
bash@archlinux.it
andyrtr@archlinux.org
a.radke@arcor.de
andyradke@web.de
andreas.radke@mail.de
andreas.radke@freenet.de
andyrtr@mailbox.org
andreas.radke@mailbox.org
angvp@archlinux.org
levente@leventepolyak.net
Z3r0.0x00@gmail.com
anthraxx@archlinux.org
anthraxx@hamburg.ccc.de
levente@leventepolyak.de
anthraxx@jabber.ccc.de
arcanis@archlinux.org
ea@exante.eu
darkarcanis@mail.ru
esalexeev@gmail.com
arcanis.arch@gmail.com
rodseth@gmail.com
arojas@archlinux.org
arojas@us.es
nqn1976@gmail.com
nqn76sw@gmail.com
ballogyor@gmail.com
gaetan@fenua.org
bisson@nsup.org
g.bisson@tue.nl
root@vesath.org
bisson@gaati.org
bisson@archlinux.org
gaetan.bisson@loria.fr
gaetan.bisson@normalesup.org
bluewind@xinu.at
p@gmx.at
flo@xinu.at
flo@xssn.at
admin@xssn.at
bluewind@xssn.at
bluewind@jabber.ccc.de
bluewind@archlinux.org
b@bpiotrowski.pl
ml@bpiotrowski.pl
b@bpiotrowski.pl
bpiotrowski@archlinux.org
barthalion@gmail.com
barthalion@gmail.com
barthalion@gmail.com
connor.behan@gmail.com
dpmcgee@gmail.com
dan@archlinux.org
toofishes@toofishes.net
daniel@archlinux.org
public@dicebot.lv
vmlinuz386@gmail.com
djgera@archlinux.org
vmlinuz386@yahoo.com.ar
d@falconindy.com
dreisner@archlinux.org
danielwallace@gtmanfred.com
daniel.wallace12@gmail.com
daniel.wallace@gatech.edu
daniel.wallace12@gmail.com
dwallace@saltstack.com
daniel.wallace@plangrid.com
daniel.wallace@autodesk.com
eric@archlinux.org
arch@eworm.de
eworm@archlinux.org
alexfilgueira@cinnarch.com
farseerfc@gmail.com
farseerfc@archlinuxcn.org
martin@flexion.org
martin@wimpress.com
martin@wimpress.org
code@flexion.org
arch@flexion.org
lug@flexion.plus.com
evangelos@foutrelis.com
foutrelis@gmail.com
foutrelis@archlinux.org
felixonmars@gmail.com
i@felixc.at
felixonmars@163.com
felixonmars@nyaa.cat
felixyan@bbtechgroup.com
felixonmars@archlinux.org
felixonmars@archlinuxcn.org
felixonmars@keybase.io
felixonmars@gmail.com
yanran@linuxdeepin.com
yanran@deepin.com
felixonmars@hust.edu.cn
yanran@deepin.com
felixonmars@qq.com
felixonmars@fedoraproject.org
felixonmars@member.fsf.org
yanran@uniontech.com
felixonmars@189.cn
felixonmars@ubuntukylin.com
giovanni@archlinux.org
guillaume@archlinux.org
galaux@linagora.com
guillaume@alaux.net
guillaume@linux.com
jan.steffens@gmail.com
alexander.steffens@smail.inf.h
ibiru@archlinux.org
ike.devolder@gmail.com
jelle@vdwaa.nl
jelle@archlinux.org
jgc@archlinux.org
info@jandegrootict.nl
jerome@leclan.ch
svetlemodry@archlinux.org
dragonlord@aur.archlinux.org
dragonlord@aur.archlinux.org
n@w.5
mail@jsteel.org
jsteel@archlinux.org
jsteel@aur.archlinux.org
juergen@hoetzel.info
juergen@archlinux.org
keenerd@gmail.com
johannes@kyriasis.com
demize@archlinux.org
lordheavym@gmail.com
lordheavym@archlinux.org
lfleischer@lfos.de
info@cryptocrack.de
calcurse@cryptocrack.de
lfleischer@calcurse.org
archlinux@cryptocrack.de
lfleischer@archlinux.org
massimiliano.torromeo@gmail.com
muflone@vbsimple.net
muflone@vbsimple.net
muflone@vbsimple.net
muflone@archlinux.org
pierre@archlinux.de
remy@archlinux.org
oudomphe@phare.normalesup.org
ronald@archlinux.org
schiv@archlinux.org
jakob.gruber@gmail.com
seblu@seblu.net
seblu@seblu.net
root@seblu.net
seblu@archlinux.org
sebastien@luttringer.net
sebastien.luttringer@epita.net
sebastien.luttringer@gmail.com
sebastien.luttringer@arkena.com
sebastien.luttringer@smartjog.com
sebastien.luttringer@tdf.fr
speps@aur.archlinux.org
speps@gmx.com
speps@gmx.com
arch@sergej.pp.ru
ml@sergej.pp.ru
sergej@p5n.pp.ru
pupykin.s@gmail.com
l.jirkovsky@gmail.com
sh@lutzhaase.com
svenstaro@gmail.com
gostrc@gmail.com
danielmicay@gmail.com
daniel.micay@copperhead.co
daniel.micay@copperhead.co
security@grapheneos.org
security@attestation.app
security@seamlessupdate.app
daniel.micay@grapheneos.org
daniel.micay@attestation.app
daniel.micay@seamlessupdate.app
thomas@archlinux.org
thomas.baechler@gmx.de
thomas@bchlr.de
teg@jklm.no
teg@pps.jussieu.fr
tomegun@archlinux.org
tobias.powalowski@googlemail.com
tpowa@archlinux.org
timothy.redaelli@gmail.com
tredaelli@archlinux.info
atsutane@freethoughts.de
t.toepper@gmx.de
atsutane@freethoughts.de
vegai@iki.fi
xyne@archlinux.ca
teiresias@gentoo.org
cinelli.federico@gmail.com
cinelli@aur.archlinux.org
cinelli.federico@gmail.com
Daenyth@gmail.com
Daenyth@gmail.com
dieter@plaetinck.be
jonno.conder@gmail.com
jrcd83@gmail.com
kaitocracy@gmail.com
pete@muddygoat.org
p.r.lewis@cs.bham.ac.uk
prlewis@letterboxes.org
plewis@aur.archlinux.org
roman@archlinux.org
stephane@archlinux.org
xyne@archlinux.ca
guillaume@manjaro.org
philm@manjaro.org
roland@manjaro.org
korrode@gmail.com
alexandru@manjaro.org
ramon@manjaro.org
flower_of_life@gmx.net
flower_of_life@gmx.net
oberon@manjaro.org
stefano@manjaro.org
kendell@manjaro.org
artoo@manjaro.org
tensor5@gmail.com
mail@nicohood.de
blog@nicohood.de
shop@nicohood.de
inbox@nicohood.de
aur@nicohood.de
outbox@nicohood.de
Wohnung@nicohood.de
2006@nicohood.de
archlinux@nicohood.de
mooltipass@nicohood.de
nicohood@archlinux.org
pgp@nicohood.de
git@nicohood.de
grazzolini@archlinux.org
pagani@iap.fr
bruno.pagani@obspm.fr
bruno.n.pagani@gmail.com
Chris.Rebischke@archlinux.org
chris@nullday.de
Chris.Rebischke@posteo.de
Chris.Rebischke@gmail.com
shibumi@milliways.info
chris.rebischke@archlinux.org
christian.rebischke@mailbox.org
chris@shibumi.dev
baptiste@bitsofnetworks.org
bjonglez@illyse.org
p@d.qy
baptiste@jonglez.org
jonathon@manjaro.org
fh@manjaro.org
matti@manjaro.org
foxxx0@archlinux.org
me@vild.io
arch@vild.io
xwildn00bx@gmail.com
xwildn00bx@gmail.com
thanos@manjaro.org
alad@mailbox.org
alad@archlinux.org
alad@archlinux.info
gaetan@fenua.org
bisson@gaati.org
bisson@archlinux.org
morten@linderud.pw
occasion@primeos.eu
fpr@primeos.euAD098E6B008A7CB009ED25F11E8B02C29318BA46
mcfoxax@gmail.com
occasion@primeos.eu
fpr@primeos.euAD098E6B008A7CB009ED25F11E8B02C29318BA46
foxboron@archlinux.org
morten.linderud@fribyte.uib.no
occasion@primeos.eu
fpr@primeos.euAD098E6B008A7CB009ED25F11E8B02C29318BA46
morten.linderud@student.uib.no
occasion@primeos.eu
fpr@primeos.euAD098E6B008A7CB009ED25F11E8B02C29318BA46
dave@sleepmap.de
deviser@frqrec.com
dasbluul@frqrec.com
wasserturm@frqrec.com
david.runge@frqrec.com
runge@pool.math.tu
draftedtohaunt@frqrec.com
david.runge@campus.tu
andrew@crerar.io
crerar@archlinux.org
eschwartz93@gmail.com
eschwartz@archlinux.org
ivy.foster@gmail.com
iff@escondida.tk
joyfulgirl@archlinux.us
i@escondida.tk
if@escondida.tk
ivy@escondida.tk
code@escondida.tk
escondida@escondida.tk
i@iff.ink
if@iff.ink
iff@iff.ink
ivy@iff.ink
code@iff.ink
escondida@iff.ink
iff@archlinux.org
robin@broda.me
rob@coderobe.net
coderobe@archlinux.org
coderobe@milliways.info
cesura@archlinux.org
bradfanella@gmail.com
cesura@aur.archlinux.org
lains@archlinux.org
filipe@lains.me
lains@aurorafoss.org
filipe.lains@gmail.com
santiago@archlinux.org
torresariass@gmail.com
santiago@nyu.edu
yan12125@gmail.com
yan12125@gmail.com
d06922023@ntu.edu.tw
yan12125@macports.org
yan12125@archlinux.org
yan16037741@hotmail.com.tw
yen@chyen.cc
danielbermond@gmail.com
danielbermond@yahoo.com
arch@kge.pw
kgizdov@gmail.com
kgizdov@keybase.io
pgp@maximbaz.com
git@maximbaz.com
polyzen@archlinux.org
polycitizen@gmail.com
polyzen@archlinux.info
quae@daurnimator.com
daurnimator@archlinux.org
helmut.stult@schinfo.de
helmut@manjaro.org
strit@manjaro.org
strit@strits.dk
danjohansen@strits.dk
support@sublimetext.com
diabonas@gmx.de
diabonas@archlinux.org
dvzrv@archlinux.org
git@rxv.cc
kpcyrd@archlinux.org
mark@manjaro.org
jan.steffens@gmail.com
jan.steffens@ltnglobal.com
heftig@archlinux.org
frederik.schwan@linux.com
frederik@schwan.it
frederik@tty42.de
frederik.schwan@stud.tu
f.schwan@betterbits.de
freswa@archlinux.org
frederik@schw4n.de
mail@hash.works
mail@hashworks.net
admin@hashworks.net
jk@hash.works
jk@hashworks.net
justin@kromlinger.eu
hashworks@archlinux.org
jkromlinger@hashworks.net
justin.kromlinger@exxeta.com
justin.kromlinger@stud.htwk
arch@kge.pw
kgizdov@gmail.com
kgizdov@keybase.io
kgizdov@archlinux.org
gginiu@gmail.com
me@allanmcrae.com
allan@archlinux.org
alucryd@archlinux.org
alucryd@gmail.com
alucryd@alucryd.xyz
ambrevar@gmail.com
pe.neidhardt@gmail.com
pe.neidhardt@googlemail.com
mail@ambrevar.xyz
pierre@atlas.engineer
anatol.pomozov@gmail.com
me@andreascarpino.it
Koccasion@niels.dest
bash.lnx@gmail.com
ilpianista@fsfe.org
Koccasion@niels.dest
andrea@archlinux.org
scarpino@kde.org
Koccasion@niels.dest
andrea@archlinux.org
Koccasion@niels.dest
bash@archlinux.it
andyrtr@archlinux.org
a.radke@arcor.de
andyradke@web.de
andreas.radke@mail.de
andreas.radke@freenet.de
andyrtr@mailbox.org
andreas.radke@mailbox.org
angvp@archlinux.org
levente@leventepolyak.net
Z3r0.0x00@gmail.com
anthraxx@archlinux.org
anthraxx@hamburg.ccc.de
levente@leventepolyak.de
anthraxx@jabber.ccc.de
arcanis@archlinux.org
ea@exante.eu
darkarcanis@mail.ru
esalexeev@gmail.com
arcanis.arch@gmail.com
rodseth@gmail.com
arojas@archlinux.org
arojas@us.es
nqn1976@gmail.com
nqn76sw@gmail.com
ballogyor@gmail.com
gaetan@fenua.org
bisson@nsup.org
g.bisson@tue.nl
root@vesath.org
bisson@gaati.org
bisson@archlinux.org
gaetan.bisson@loria.fr
gaetan.bisson@normalesup.org
bluewind@xinu.at
p@gmx.at
flo@xinu.at
flo@xssn.at
admin@xssn.at
bluewind@xssn.at
bluewind@jabber.ccc.de
bluewind@archlinux.org
b@bpiotrowski.pl
ml@bpiotrowski.pl
b@bpiotrowski.pl
bpiotrowski@archlinux.org
barthalion@gmail.com
barthalion@gmail.com
barthalion@gmail.com
connor.behan@gmail.com
dpmcgee@gmail.com
dan@archlinux.org
toofishes@toofishes.net
daniel@archlinux.org
public@dicebot.lv
vmlinuz386@gmail.com
djgera@archlinux.org
vmlinuz386@yahoo.com.ar
d@falconindy.com
dreisner@archlinux.org
danielwallace@gtmanfred.com
daniel.wallace12@gmail.com
daniel.wallace@gatech.edu
daniel.wallace12@gmail.com
dwallace@saltstack.com
daniel.wallace@plangrid.com
daniel.wallace@autodesk.com
eric@archlinux.org
arch@eworm.de
eworm@archlinux.org
alexfilgueira@cinnarch.com
farseerfc@gmail.com
farseerfc@archlinuxcn.org
martin@flexion.org
martin@wimpress.com
martin@wimpress.org
code@flexion.org
arch@flexion.org
lug@flexion.plus.com
evangelos@foutrelis.com
foutrelis@gmail.com
foutrelis@archlinux.org
felixonmars@gmail.com
i@felixc.at
felixonmars@163.com
felixonmars@nyaa.cat
felixyan@bbtechgroup.com
felixonmars@archlinux.org
felixonmars@archlinuxcn.org
felixonmars@keybase.io
felixonmars@gmail.com
yanran@linuxdeepin.com
yanran@deepin.com
felixonmars@hust.edu.cn
yanran@deepin.com
felixonmars@qq.com
felixonmars@fedoraproject.org
felixonmars@member.fsf.org
yanran@uniontech.com
felixonmars@189.cn
felixonmars@ubuntukylin.com
giovanni@archlinux.org
guillaume@archlinux.org
galaux@linagora.com
guillaume@alaux.net
guillaume@linux.com
jan.steffens@gmail.com
alexander.steffens@smail.inf.h
ibiru@archlinux.org
ike.devolder@gmail.com
jelle@vdwaa.nl
jelle@archlinux.org
jgc@archlinux.org
info@jandegrootict.nl
jerome@leclan.ch
svetlemodry@archlinux.org
dragonlord@aur.archlinux.org
dragonlord@aur.archlinux.org
n@w.5
mail@jsteel.org
jsteel@archlinux.org
jsteel@aur.archlinux.org
juergen@hoetzel.info
juergen@archlinux.org
keenerd@gmail.com
johannes@kyriasis.com
demize@archlinux.org
lordheavym@gmail.com
lordheavym@archlinux.org
lfleischer@lfos.de
info@cryptocrack.de
calcurse@cryptocrack.de
lfleischer@calcurse.org
archlinux@cryptocrack.de
lfleischer@archlinux.org
massimiliano.torromeo@gmail.com
muflone@vbsimple.net
muflone@vbsimple.net
muflone@vbsimple.net
muflone@archlinux.org
pierre@archlinux.de
remy@archlinux.org
oudomphe@phare.normalesup.org
ronald@archlinux.org
schiv@archlinux.org
jakob.gruber@gmail.com
seblu@seblu.net
seblu@seblu.net
root@seblu.net
seblu@archlinux.org
sebastien@luttringer.net
sebastien.luttringer@epita.net
sebastien.luttringer@gmail.com
sebastien.luttringer@arkena.com
sebastien.luttringer@smartjog.com
sebastien.luttringer@tdf.fr
speps@aur.archlinux.org
speps@gmx.com
speps@gmx.com
arch@sergej.pp.ru
ml@sergej.pp.ru
sergej@p5n.pp.ru
pupykin.s@gmail.com
l.jirkovsky@gmail.com
sh@lutzhaase.com
svenstaro@gmail.com
gostrc@gmail.com
danielmicay@gmail.com
daniel.micay@copperhead.co
daniel.micay@copperhead.co
security@grapheneos.org
security@attestation.app
security@seamlessupdate.app
daniel.micay@grapheneos.org
daniel.micay@attestation.app
daniel.micay@seamlessupdate.app
thomas@archlinux.org
thomas.baechler@gmx.de
thomas@bchlr.de
teg@jklm.no
teg@pps.jussieu.fr
tomegun@archlinux.org
tobias.powalowski@googlemail.com
tpowa@archlinux.org
timothy.redaelli@gmail.com
tredaelli@archlinux.info
atsutane@freethoughts.de
t.toepper@gmx.de
atsutane@freethoughts.de
vegai@iki.fi
xyne@archlinux.ca
teiresias@gentoo.org
cinelli.federico@gmail.com
cinelli@aur.archlinux.org
cinelli.federico@gmail.com
Daenyth@gmail.com
Daenyth@gmail.com
dieter@plaetinck.be
jonno.conder@gmail.com
jrcd83@gmail.com
kaitocracy@gmail.com
pete@muddygoat.org
p.r.lewis@cs.bham.ac.uk
prlewis@letterboxes.org
plewis@aur.archlinux.org
roman@archlinux.org
stephane@archlinux.org
xyne@archlinux.ca
guillaume@manjaro.org
philm@manjaro.org
roland@manjaro.org
korrode@gmail.com
alexandru@manjaro.org
ramon@manjaro.org
flower_of_life@gmx.net
flower_of_life@gmx.net
oberon@manjaro.org
stefano@manjaro.org
kendell@manjaro.org
artoo@manjaro.org
tensor5@gmail.com
mail@nicohood.de
blog@nicohood.de
shop@nicohood.de
inbox@nicohood.de
aur@nicohood.de
outbox@nicohood.de
Wohnung@nicohood.de
2006@nicohood.de
archlinux@nicohood.de
mooltipass@nicohood.de
nicohood@archlinux.org
pgp@nicohood.de
git@nicohood.de
grazzolini@archlinux.org
pagani@iap.fr
bruno.pagani@obspm.fr
bruno.n.pagani@gmail.com
Chris.Rebischke@archlinux.org
chris@nullday.de
Chris.Rebischke@posteo.de
Chris.Rebischke@gmail.com
shibumi@milliways.info
chris.rebischke@archlinux.org
christian.rebischke@mailbox.org
chris@shibumi.dev
baptiste@bitsofnetworks.org
bjonglez@illyse.org
p@d.qy
baptiste@jonglez.org
jonathon@manjaro.org
fh@manjaro.org
matti@manjaro.org
foxxx0@archlinux.org
me@vild.io
arch@vild.io
xwildn00bx@gmail.com
xwildn00bx@gmail.com
thanos@manjaro.org
alad@mailbox.org
alad@archlinux.org
alad@archlinux.info
gaetan@fenua.org
bisson@gaati.org
bisson@archlinux.org
morten@linderud.pw
occasion@primeos.eu
fpr@primeos.euAD098E6B008A7CB009ED25F11E8B02C29318BA46
mcfoxax@gmail.com
occasion@primeos.eu
fpr@primeos.euAD098E6B008A7CB009ED25F11E8B02C29318BA46
foxboron@archlinux.org
morten.linderud@fribyte.uib.no
occasion@primeos.eu
fpr@primeos.euAD098E6B008A7CB009ED25F11E8B02C29318BA46
morten.linderud@student.uib.no
occasion@primeos.eu
fpr@primeos.euAD098E6B008A7CB009ED25F11E8B02C29318BA46
dave@sleepmap.de
deviser@frqrec.com
dasbluul@frqrec.com
wasserturm@frqrec.com
david.runge@frqrec.com
runge@pool.math.tu
draftedtohaunt@frqrec.com
david.runge@campus.tu
andrew@crerar.io
crerar@archlinux.org
eschwartz93@gmail.com
eschwartz@archlinux.org
ivy.foster@gmail.com
iff@escondida.tk
joyfulgirl@archlinux.us
i@escondida.tk
if@escondida.tk
ivy@escondida.tk
code@escondida.tk
escondida@escondida.tk
i@iff.ink
if@iff.ink
iff@iff.ink
ivy@iff.ink
code@iff.ink
escondida@iff.ink
iff@archlinux.org
robin@broda.me
rob@coderobe.net
coderobe@archlinux.org
coderobe@milliways.info
cesura@archlinux.org
bradfanella@gmail.com
cesura@aur.archlinux.org
lains@archlinux.org
filipe@lains.me
lains@aurorafoss.org
filipe.lains@gmail.com
santiago@archlinux.org
torresariass@gmail.com
santiago@nyu.edu
yan12125@gmail.com
yan12125@gmail.com
d06922023@ntu.edu.tw
yan12125@macports.org
yan12125@archlinux.org
yan16037741@hotmail.com.tw
yen@chyen.cc
danielbermond@gmail.com
danielbermond@yahoo.com
arch@kge.pw
kgizdov@gmail.com
kgizdov@keybase.io
pgp@maximbaz.com
git@maximbaz.com
polyzen@archlinux.org
polycitizen@gmail.com
polyzen@archlinux.info
quae@daurnimator.com
daurnimator@archlinux.org
helmut.stult@schinfo.de
helmut@manjaro.org
strit@manjaro.org
strit@strits.dk
danjohansen@strits.dk
support@sublimetext.com
diabonas@gmx.de
diabonas@archlinux.org
dvzrv@archlinux.org
git@rxv.cc
kpcyrd@archlinux.org
mark@manjaro.org
jan.steffens@gmail.com
jan.steffens@ltnglobal.com
heftig@archlinux.org
frederik.schwan@linux.com
frederik@schwan.it
frederik@tty42.de
frederik.schwan@stud.tu
f.schwan@betterbits.de
freswa@archlinux.org
frederik@schw4n.de
mail@hash.works
mail@hashworks.net
admin@hashworks.net
jk@hash.works
jk@hashworks.net
justin@kromlinger.eu
hashworks@archlinux.org
jkromlinger@hashworks.net
justin.kromlinger@exxeta.com
justin.kromlinger@stud.htwk
arch@kge.pw
kgizdov@gmail.com
kgizdov@keybase.io
kgizdov@archlinux.org
dwmw2@infradead.org
